testdata/pg12783-images.epub
testdata/pg1661-images.epub
testdata/pg23962-images.epub
testdata/pg29052.epub
testdata/pg4791-images.epub
testdata/pg50398.epub
testdata/pg54873.epub
