pg11-images.epubpg12783-images.epubpg1661-images.epubpg23962-images.epubpg29052.epubpg4791-images.epubpg50398.epubpg54873.epub