pg11-images.epub
pg12783-images.epub
pg1661-images.epub
pg23962-images.epub
pg29052.epub
pg4791-images.epub
pg50398.epub
pg54873.epub
