[{"Authors":["Beatrix Potter"],"CreatedAt":"1976-01-17T05:42:05+01:00","Description":"Histoire de Pierre Lapin: \"IL y avait une fois quatre petits lapins qui s'appelaient - Flopsaut, Trotsaut, Oueue-de-Coton, et Pierre. ...\"","ISBN":"9783746091761","Language":"fr","Name":"Beatrix Potter - Histoire de Pierre Lapin.epub","PageCount":11,"PublishedDate":"2018-03-20T00:00:00Z","Publisher":"BoD – Books on Demand","QALevel":100,"SourceHash":"93593d84d698b0e48974fcb268088737","Subject":["Fiction"],"Title":"Histoire de Pierre Lapin","Type":"book/epub","UpdatedAt":"1976-01-17T05:42:05+01:00"},{"Authors":["Cheng'en Wu"],"CreatedAt":"1976-01-17T05:42:05+01:00","Language":"zh-TW","Name":"Chengen Wu - 西遊記.epub","PublishedDate":"1962-01-01T00:00:00Z","QALevel":70,"SourceHash":"0587107ed3369dd4b8683a0af4fe8134","Subject":["Folklore -- China","Legends -- China","Fiction"],"Title":"西遊記","Type":"book/epub","UpdatedAt":"1976-01-17T05:42:05+01:00"},{"Authors":["Gottfried August Bürger","Rudolf Erich Raspe"],"CreatedAt":"1976-01-17T05:42:05+01:00","Description":"\"Aventures de Baron de Münchausen\", de Gottfried August Bürger, Rudolf Erich Raspe, traduit par Théophile Gautier. Publié par Good Press. Good Press publie un large éventail d'ouvrages, où sont inclus tous les genres littéraires. Les choix éditoriaux des éditions Good Press ne se limitent pas aux grands classiques, à la fiction et à la non-fiction littéraire. Ils englobent également les trésors, oubliés ou à découvrir, de la littérature mondiale. Nous publions les livres qu'il faut avoir lu. Chaque ouvrage publié par Good Press a été édité et mis en forme avec soin, afin d'optimiser le confort de lecture, sur liseuse ou tablette. Notre mission est d'élaborer des e-books faciles à utiliser, accessibles au plus grand nombre, dans un format numérique de qualité supérieure.","Language":"fr","Name":"Gottfried August Bürger - Aventures de Baron de Münchausen.epub","PageCount":11275,"PublishedDate":"2020-06-17T00:00:00Z","Publisher":"Good Press","QALevel":100,"SourceHash":"669bde9e4d67a62f759e97a1a199934d","Subject":["Fiction"],"Title":"Aventures de Baron de Münchausen","Type":"book/epub","UpdatedAt":"1976-01-17T05:42:05+01:00"},{"Authors":["Jules Verne"],"CreatedAt":"1976-01-17T05:42:05+01:00","Description":"En 1886, un monstre est aperçu à plusieurs reprises par des marins dans différentes mers. Croyant qu’il s’agit d’une licorne des mers géantes, un groupe d’homme se forme aux États-Unis, préparant une expédition pour aller tuer le monstre, avant qu’il ne cause plus de dégâts aux navires. Le professeur français et éminent biologiste Pierre Aronnax joint l’expédition à la dernière minute. Quand l’équipage trouve la bête et se lance à l’attaque, le professeur, son assistant flamand Conseil et l’harponneur Québécois Ned Land se retrouvent à l’eau et se sauvent de justesse de la noyade en grimpant sur le dos de l’animal, mais il se trouve que ce n’est ni un monstre, ni un narval, mais plutôt un sous-marin, dirigé par le capitaine Nemo. Ils les invitent à l’intérieur où une aventure sans pareil les attend. Ce fascinant roman d’aventure suit ces héros à travers le monde, à la découverte de merveilles immergées, avec des inventions qui n’ont alors même pas encore été imaginées. C’est une histoire pleine de suspense et de rebondissement, en faisant un roman aussi exceptionnel qu’inoubliable. Jules Verne (1828-1905) naquit dans la ville portuaire de Nantes et aurait dû devenir avocat, comme son père, mais il quitta très jeune le nid pour écrire des nouvelles et des articles pour des gazettes. Sa collaboration avec l'éditeur Pierre-Jules Hetzel conduisit à la publication de la série de livres « Voyages extraordinaires », basé sur d'amples recherches, et qui inclut entre autres « Voyage au centre de la Terre » (1864), « Vingt mille lieues sous les mer » (1870) et « Le Tour du monde en quatre-vingts jours » (1873).rnJules Verne a traditionnellement été classifié, à tort, dans la catégorie des écrivains pour enfants, en raison des versions abrégées et déformées de ses romans, alors qu'il eut comme auteur une énorme influence sur l’avant-garde française. rnJules Verne est le deuxième auteur le plus traduit au monde, se plaçant ainsi entre Agatha Christie et William Shakespeare, et il est souvent considéré comme étant le père du genre littéraire de la science-fiction.","ISBN":"9788726311099","Language":"fr","Name":"Jules Verne - Vingt mille lieues sous les mers.epub","PageCount":450,"PublishedDate":"2019-10-17T00:00:00Z","Publisher":"Lindhardt og Ringhof","QALevel":100,"SourceHash":"283ec43f0f05ebfc90d15a4f411d7365","Subject":["Fiction"],"Title":"Vingt mille lieues sous les mers","Type":"book/epub","UpdatedAt":"1976-01-17T05:42:05+01:00"},{"Authors":["Jules Verne"],"CreatedAt":"1976-01-17T05:42:05+01:00","Description":"This book is the 1867 French publication of Jules Verne's iconic science fiction tale. The publisher, Hetzel, was Verne's close friend, editor, and mentor. The English translation of the novel is \"Journey to the Center of the Earth.\" It is illustrated by Riou.","Language":"fr","Name":"Jules Verne - Voyage au centre de la terre.epub","PageCount":220,"PublishedDate":"1867-01-01T00:00:00Z","QALevel":90,"SourceHash":"83c9123eb08337bd12c5dc287b1903ed","Subject":["Earth (Planet)"],"Title":"Voyage au centre de la terre","Type":"book/epub","UpdatedAt":"1976-01-17T05:42:05+01:00"},{"Authors":["Lewis Carroll"],"CreatedAt":"1976-01-17T05:42:05+01:00","Description":"This edition contains 'Alice's Adventures in Wonderland' and its sequel 'Through the Looking Glass'. It is illustrated throughout by Sir John Tenniel, whose drawings for the books add so much to the enjoyment of them. Tweedledum and Tweedledee, the Mad Hatter, the Cheshire Cat, the Red Queen and the White Rabbit all make their appearances, and are now familiar figures in writing, conversation and idiom. So too, are Carroll's delightful verses such as 'The Walrus and the Carpenter' and the inspired jargon of that masterly Wordsworthian parody, 'The Jabberwocky'. AUTHOR: Charles Lutwidge (27 January 1832 - 14 January 1898), better known by the pen name Lewis Carroll was an English author, mathematician, logician, Anglican and photographer. His most famous writings are 'Alice's Adventures in Wonderland' and its sequel 'Through the Looking Glass' as well as the poems 'The Hunting of the Snark' and 'jabberwocky', all considered to be within the genre of literary nonsense. His facility at word play, logic, and fantasy has delighted audiences ranging from children to the literary elite, and beyond this his work has become embedded deeply in modern culture, directly influencing many artists.","ISBN":"9781853261183","Language":"en","Name":"Lewis Carroll - Alices Adventures in Wonderland  Through the Looking-glass.epub","PageCount":263,"PublishedDate":"1993-01-01T00:00:00Z","Publisher":"Wordsworth Editions","QALevel":100,"SourceHash":"88064cdbcfb6cc3f93783e4ed963df10","Subject":["Fiction"],"Title":"Alice's Adventures in Wonderland \u0026 Through the Looking-glass","Type":"book/epub","UpdatedAt":"1976-01-17T05:42:05+01:00"},{"Authors":["Sophie Rostopchine, comtesse de Ségur, présenté par Didier Hallépée"],"CreatedAt":"1976-01-17T05:42:05+01:00","Description":"Sophie Rostopchine (Sofia Fiodorovna Rostoptchina) est, comme son nom l'indique, issue de l'aristocratie russe. Elle est née le 1er août 1799 à Saint-Pétersbourg et a passé son enfance dans le domaine familial Voronovo, près de Moscou (45 000 hectares, 4 000 serfs)En 1812, Napoléon vient apporter au peuple russe les bienfaits de la révolution française à la tête de sa Grande Armée. Le général Fiodor Vassilievitch Rostopchine, père de Sophie, est alors gouverneur de Moscou. Il fait incendier Moscou, ce qui provoquera la retraite de Napoléon et la disgrâce de Fiodor. Réduit à l'exil, Fiodor finit par s'installer à Paris où il fait venir sa famille. C'est là que Sophie épouse le 14 juillet 1819 le comte Eugène de Ségur, petit-fils du maréchal de Ségur.Ce mariage commença comme un mariage d'amour mais finit par s'avérer désastreux. Sophie se consolera en s'occupant de ses huit enfants puis de ses nombreux petits enfants. Plus tard, elle coucha par écrit les nombreuses histoires qu'elle avait inventées pour ses petits enfants.L'oeuvre de la comtesse de Ségur à bercé notre enfance. Qui de nous n'a pas plaint la pauvre Sophie et eu envie de lui dire qu'elle serait moins malheureuse si elle était plus sage. Ces romans font écho à l'enfance dorée de l'aristocratie dans un monde où déjà le temps de l'aristocratie prend fin. Mais cette enfance dorée se combine aussi à l'enfance malheureuse, mal aimée et maltraitée. Heureusement, le temps, la chance et l'amour sont là pour panser les plaies et apporter le bonheur à ceux qui ont su le mériter. Ces romans, c'est aussi la peinture d'une époque encore proche de la nôtre et déjà disparue, une époque où la révolution industrielle vient de commencer et où la technologie moderne n'a pas encore bouleversé la société en profondeur.Didier HALLÉPÉE, grand lecteur aux mille passions a sélectionné cette oeuvre pour vous.","ISBN":"9781508969150","Language":"fr","Name":"Sophie Rostopchine comtesse de Ségur présenté par Didier Hallépée - Les mémoires dun âne.epub","PageCount":216,"PublishedDate":"2015-03-20T00:00:00Z","Publisher":"les écrivains de Fondcombe","QALevel":100,"SourceHash":"37ae140a972e781616c19d65acb458b4","Subject":["Fiction"],"Title":"Les mémoires d’un âne","Type":"book/epub","UpdatedAt":"1976-01-17T05:42:05+01:00"}]
