[{"Authors":"[Arthur Conan Doyle]","CreatedAt":"\u001b[34mSat, 17 Jan 1976 05:42:05 +0100\u001b[39m\u001b[9m\u001b[29m","Description":"\u001b[34mA collection of Sherlock Holmes mystery adventures.\u001b[39m\u001b[9m\u001b[29m","ISBN":"\u001b[34m9781853260339\u001b[39m\u001b[9m\u001b[29m","Language":"\u001b[34men\u001b[39m\u001b[9m\u001b[29m","Name":"\u001b[34mArthur Conan Doyle - The Adventures of Sherlock Holmes.epub\u001b[39m\u001b[9m\u001b[29m","PageCount":"\u001b[34m446\u001b[39m\u001b[9m\u001b[29m","PublishedDate":"199\u001b[34m2\u001b[39m\u001b[9m9\u001b[29m-0\u001b[34m1\u001b[39m\u001b[9m3\u001b[29m-01","Publisher":"\u001b[34mWordsworth Editions\u001b[39m\u001b[9m\u001b[29m","Subject":"\u001b[34m[Fiction]\u001b[39m\u001b[9m[Holmes, Sherlock (Fictitious character) -- Fiction Private investigators -- England -- Fiction Detective and mystery stories, English]\u001b[29m","Title":"The Adventures of Sherlock Holmes","Type":"book/epub","UpdatedAt":"\u001b[34mSat, 17 Jan 1976 05:42:05 +0100\u001b[39m\u001b[9m\u001b[29m"}]
[{"Authors":"[Beatrix Potter]","CreatedAt":"\u001b[34mSat, 17 Jan 1976 05:42:05 +0100\u001b[39m\u001b[9m\u001b[29m","Description":"\u001b[34mHistoire de Pierre Lapin: \"IL y avait une fois quatre petits lapins qui s'appelaient - Flopsaut, Trotsaut, Oueue-de-Coton, et Pierre. ...\"\u001b[39m\u001b[9m\u001b[29m","ISBN":"\u001b[34m9783746091761\u001b[39m\u001b[9m\u001b[29m","Language":"\u001b[34mfr\u001b[39m\u001b[9m\u001b[29m","Name":"\u001b[34mBeatrix Potter - Histoire de Pierre Lapin.epub\u001b[39m\u001b[9m\u001b[29m","PageCount":"\u001b[34m11\u001b[39m\u001b[9m\u001b[29m","PublishedDate":"\u001b[34m2018-03-20\u001b[39m\u001b[9m2009-06-06\u001b[29m","Publisher":"\u001b[34mBoD – Books on Demand\u001b[39m\u001b[9m\u001b[29m","Subject":"[\u001b[9mRabbits\u001b[29m\u001b[9m \u001b[29m\u001b[9m-\u001b[29m\u001b[9m-\u001b[29m\u001b[9m \u001b[29mJuvenile \u001b[34mFiction\u001b[39m\u001b[9mfiction\u001b[29m]","Title":"Histoire de Pierre Lapin","Type":"book/epub","UpdatedAt":"\u001b[34mSat, 17 Jan 1976 05:42:05 +0100\u001b[39m\u001b[9m\u001b[29m"}]
[{"Authors":"[Cheng'en Wu]","CreatedAt":"\u001b[34mSat, 17 Jan 1976 05:42:05 +0100\u001b[39m\u001b[9m\u001b[29m","Language":"\u001b[34men\u001b[39m\u001b[9m\u001b[29m","Name":"\u001b[34mChengen Wu - 西遊記.epub\u001b[39m\u001b[9m\u001b[29m","PageCount":"\u001b[34m1132\u001b[39m\u001b[9m\u001b[29m","PublishedDate":"\u001b[34m1974-01-01\u001b[39m\u001b[9m2007-12-22\u001b[29m","Subject":"\u001b[34m[Chinese fiction]\u001b[39m\u001b[9m[Folklore -- China Legends -- China Xuanzang, approximately 596-664 -- Fiction Chinese fiction -- Ming dynasty, 1368-1644]\u001b[29m","Title":"西遊記","Type":"book/epub","UpdatedAt":"\u001b[34mSat, 17 Jan 1976 05:42:05 +0100\u001b[39m\u001b[9m\u001b[29m"}]
[{"Authors":"[Gottfried \u001b[9mAugust\u001b[29m\u001b[9m \u001b[29mBürger Rudolf\u001b[9m \u001b[29m\u001b[9mErich\u001b[29m Raspe]","CreatedAt":"\u001b[34mSat, 17 Jan 1976 05:42:05 +0100\u001b[39m\u001b[9m\u001b[29m","Description":"\u001b[34mBaron Munchausen is a fictional German nobleman created by the German writer Rudolf Erich Raspe in his 1785 book Baron Munchausen's Narrative of his Marvellous Travels and Campaigns in Russia. The character is loosely based on a real baron, Hieronymus Karl Friedrich, Freiherr von M�nchhausenBorn in Bodenwerder, Electorate of Brunswick-L�neburg, the real-life M�nchhausen fought for the Russian Empire in the Russo-Turkish War of 1735-1739. Upon retiring in 1760, he became a minor celebrity within German aristocratic circles for telling outrageous tall tales based on his military career. After hearing some of M�nchhausen's stories, Raspe adapted them anonymously into literary form, first in German as ephemeral magazine pieces and then in English as the 1785 book, which was first published in Oxford by a bookseller named Smith. The book was soon translated into other European languages, including a German version expanded by the poet Gottfried August B�rger. The real-life M�nchhausen was deeply upset at the development of a fictional character bearing his name, and threatened legal proceedings against the book's publisher. Perhaps fearing a libel suit, Raspe never acknowledged his authorship of the work, which was only established posthumously.The fictional Baron's exploits, narrated in the first person, focus on his impossible achievements as a sportsman, soldier, and traveller, for instance riding on a cannonball, fighting a forty-foot crocodile, and travelling to the Moon. Intentionally comedic, the stories play on the absurdity and inconsistency of Munchausen's claims, and contain an undercurrent of social satire. The earliest illustrations of the character, perhaps created by Raspe himself, depict Munchausen as slim and youthful, although later illustrators have depicted him as an older man, and have added the sharply beaked nose and twirled moustache that have become part of the character's definitive visual representation. Raspe's book was a major international success, becoming the core text for numerous English, continental European, and American editions that were expanded and rewritten by other writers. The book in its various revised forms remained widely read throughout the 19th century, especially in editions for young readers.Versions of the fictional Baron have appeared on stage, screen, radio, and television, as well as in other literary works. Though the Baron Munchausen stories are no longer well-known in many English-speaking countries, they are still popular in continental Europe. The character has inspired numerous memorials and museums, and several medical conditions and other concepts are named after him, including Munchausen syndrome, the M�nchhausen trilemma, and Munchausen numbers.We are delighted to publish this classic book as part of our extensive Classic Library collection. Many of the books in our collection have been out of print for decades, and therefore have not been accessible to the general public. The aim of our publishing program is to facilitate rapid access to this vast reservoir of literature, and our view is that this is a significant literary work, which deserves to be brought back into print after many decades. The contents of the vast majority of titles in the Classic Library have been scanned from the original works. To ensure a high quality product, each title has been meticulously hand curated by our staff. Our philosophy has been guided by a desire to provide the reader with a book that is as close as possible to ownership of the original work. We hope that you will enjoy this wonderful classic work, and that for you it becomes an enriching experience.\u001b[39m\u001b[9m\u001b[29m","ISBN":"\u001b[34m9781985097124\u001b[39m\u001b[9m\u001b[29m","Language":"\u001b[34men\u001b[39m\u001b[9m\u001b[29m","Name":"\u001b[34mGottfried Bürger - Aventures de Baron de Munchausen.epub\u001b[39m\u001b[9m\u001b[29m","PageCount":"\u001b[34m252\u001b[39m\u001b[9m\u001b[29m","PublishedDate":"\u001b[34m2018-02-08\u001b[39m\u001b[9m2015-11-06\u001b[29m","Publisher":"\u001b[34mCreatespace Independent Publishing Platform\u001b[39m\u001b[9m\u001b[29m","SubTitle":"\u001b[34mLarge Print\u001b[39m\u001b[9m\u001b[29m","Subject":"\u001b[34m\u001b[39m\u001b[9m[Humorous stories Voyages and travels -- Fiction Voyages, Imaginary -- Fiction Tall tales]\u001b[29m","Title":"Aventures de Baron de \u001b[34mMunchausen\u001b[39m\u001b[9mMünchausen\u001b[29m","Type":"book/epub","UpdatedAt":"\u001b[34mSat, 17 Jan 1976 05:42:05 +0100\u001b[39m\u001b[9m\u001b[29m"}]
[{"Authors":"[Jules Verne]","CreatedAt":"\u001b[34mSat, 17 Jan 1976 05:42:05 +0100\u001b[39m\u001b[9m\u001b[29m","Description":"\u001b[34mLa collection « Connaître une œuvre » vous offre la possibilité de tout savoir du Voyage au centre de la Terre de Jules Verne grâce à une fiche de lecture aussi complète que détaillée. La rédaction, claire et accessible, a été confiée à un spécialiste universitaire. Notre travail éditorial vous offre un grand confort de lecture, spécialement développé pour la lecture numérique. Cette fiche de lecture répond à une charte qualité mise en place par une équipe d’enseignants. Ce livre numérique contient : - Un sommaire dynamique - La biographie de Jules Verne - La présentation de l’œuvre - Le résumé détaillé (chapitre par chapitre) - Les raisons du succès - Les thèmes principaux - L'étude du mouvement littéraire de l’auteur\u001b[39m\u001b[9m\u001b[29m","Language":"\u001b[34mfr\u001b[39m\u001b[9m\u001b[29m","Name":"\u001b[34mJules Verne - Fiche de lecture Voyage au centre de la Terre résumé détaillé et analyse littéraire de référence.epub\u001b[39m\u001b[9m\u001b[29m","PublishedDate":"\u001b[34m2019-05-28\u001b[39m\u001b[9m2003-12-01\u001b[29m","Publisher":"\u001b[34mLes Éditions de l'Ebook malin\u001b[39m\u001b[9m\u001b[29m","Subject":"\u001b[34m[Study Aids]\u001b[39m\u001b[9m[Science fiction Adventure stories Earth (Planet) -- Core -- Fiction Voyages, Imaginary -- Fiction]\u001b[29m","Title":"\u001b[34mFiche de lecture Voyage au centre de la Terre (résumé détaillé et analyse littéraire de référence)\u001b[39m\u001b[9mVoyage au Centre de la Terre\u001b[29m","Type":"book/epub","UpdatedAt":"\u001b[34mSat, 17 Jan 1976 05:42:05 +0100\u001b[39m\u001b[9m\u001b[29m"}]
[{"Authors":"[Jules Verne]","CreatedAt":"\u001b[34mSat, 17 Jan 1976 05:42:05 +0100\u001b[39m\u001b[9m\u001b[29m","Language":"\u001b[34mfr\u001b[39m\u001b[9m\u001b[29m","Name":"\u001b[34mJules Verne - Vingt mille lieues sous les mers.epub\u001b[39m\u001b[9m\u001b[29m","PageCount":"\u001b[34m434\u001b[39m\u001b[9m\u001b[29m","PublishedDate":"\u001b[9m2\u001b[29m\u001b[9m0\u001b[29m1\u001b[34m8\u001b[39m7\u001b[34m0\u001b[39m-0\u001b[34m1\u001b[39m\u001b[9m6\u001b[29m-0\u001b[34m1\u001b[39m\u001b[9m9\u001b[29m","Title":"Vingt mille lieues sous les mers","Type":"book/epub","UpdatedAt":"\u001b[34mSat, 17 Jan 1976 05:42:05 +0100\u001b[39m\u001b[9m\u001b[29m"}]
[{"Authors":"[Lewis Carroll]","CreatedAt":"\u001b[34mSat, 17 Jan 1976 05:42:05 +0100\u001b[39m\u001b[9m\u001b[29m","Description":"\u001b[34mThis edition contains Alice's Adventures in Wonderland and its sequel Through the Looking Glass. It is illustrated throughout by Sir John Tenniel, whose drawings for the books add so much to the enjoyment of them. Tweedledum and Tweedledee, the Mad Hatter, the Cheshire Cat, the Red Queen and the White Rabbit all make their appearances, and are now familiar figures in writing, conversation and idiom. So too, are Carroll's delightful verses such as 'The Walrus and the Carpenter' and the inspired jargon of that masterly Wordsworthian parody, 'The Jabberwocky'.\u001b[39m\u001b[9m\u001b[29m","ISBN":"\u001b[34m9781853261183\u001b[39m\u001b[9m\u001b[29m","Language":"\u001b[34men\u001b[39m\u001b[9m\u001b[29m","Name":"\u001b[34mLewis Carroll - Alices Adventures in Wonderland  Through the Looking-glass.epub\u001b[39m\u001b[9m\u001b[29m","PageCount":"\u001b[34m272\u001b[39m\u001b[9m\u001b[29m","PublishedDate":"\u001b[34m1993-01-01\u001b[39m\u001b[9m2008-06-27\u001b[29m","Publisher":"\u001b[34mWordsworth Editions\u001b[39m\u001b[9m\u001b[29m","Subject":"\u001b[34m[Fiction]\u001b[39m\u001b[9m[Fantasy]\u001b[29m","Title":"Alice's Adventures in Wonderland\u001b[34m \u001b[39m\u001b[34m\u0026\u001b[39m\u001b[34m \u001b[39m\u001b[34mThrough\u001b[39m\u001b[34m \u001b[39m\u001b[34mthe\u001b[39m\u001b[34m \u001b[39m\u001b[34mLooking\u001b[39m\u001b[34m-\u001b[39m\u001b[34mglass\u001b[39m","Type":"book/epub","UpdatedAt":"\u001b[34mSat, 17 Jan 1976 05:42:05 +0100\u001b[39m\u001b[9m\u001b[29m"}]
[{"Authors":"\u001b[34m[Sophie Rostopchine, comtesse de Ségur, présenté par Didier Hallépée]\u001b[39m\u001b[9m[comtesse de Sophie Ségur]\u001b[29m","CreatedAt":"\u001b[34mSat, 17 Jan 1976 05:42:05 +0100\u001b[39m\u001b[9m\u001b[29m","Description":"\u001b[34mSophie Rostopchine (Sofia Fiodorovna Rostoptchina) est, comme son nom l'indique, issue de l'aristocratie russe. Elle est née le 1er août 1799 à Saint-Pétersbourg et a passé son enfance dans le domaine familial Voronovo, près de Moscou (45 000 hectares, 4 000 serfs)En 1812, Napoléon vient apporter au peuple russe les bienfaits de la révolution française à la tête de sa Grande Armée. Le général Fiodor Vassilievitch Rostopchine, père de Sophie, est alors gouverneur de Moscou. Il fait incendier Moscou, ce qui provoquera la retraite de Napoléon et la disgrâce de Fiodor. Réduit à l'exil, Fiodor finit par s'installer à Paris où il fait venir sa famille. C'est là que Sophie épouse le 14 juillet 1819 le comte Eugène de Ségur, petit-fils du maréchal de Ségur.Ce mariage commença comme un mariage d'amour mais finit par s'avérer désastreux. Sophie se consolera en s'occupant de ses huit enfants puis de ses nombreux petits enfants. Plus tard, elle coucha par écrit les nombreuses histoires qu'elle avait inventées pour ses petits enfants.L'oeuvre de la comtesse de Ségur à bercé notre enfance. Qui de nous n'a pas plaint la pauvre Sophie et eu envie de lui dire qu'elle serait moins malheureuse si elle était plus sage. Ces romans font écho à l'enfance dorée de l'aristocratie dans un monde où déjà le temps de l'aristocratie prend fin. Mais cette enfance dorée se combine aussi à l'enfance malheureuse, mal aimée et maltraitée. Heureusement, le temps, la chance et l'amour sont là pour panser les plaies et apporter le bonheur à ceux qui ont su le mériter. Ces romans, c'est aussi la peinture d'une époque encore proche de la nôtre et déjà disparue, une époque où la révolution industrielle vient de commencer et où la technologie moderne n'a pas encore bouleversé la société en profondeur.Didier HALLÉPÉE, grand lecteur aux mille passions a sélectionné cette oeuvre pour vous.\u001b[39m\u001b[9m\u001b[29m","ISBN":"\u001b[34m9781508969150\u001b[39m\u001b[9m\u001b[29m","Language":"\u001b[34mfr\u001b[39m\u001b[9m\u001b[29m","Name":"\u001b[34mSophie Rostopchine comtesse de Ségur présenté par Didier Hallépée - Les mémoires dun âne.epub\u001b[39m\u001b[9m\u001b[29m","PageCount":"\u001b[34m216\u001b[39m\u001b[9m\u001b[29m","PublishedDate":"\u001b[34m2015-03-20\u001b[39m\u001b[9m2004-06-29\u001b[29m","Publisher":"\u001b[34mles écrivains de Fondcombe\u001b[39m\u001b[9m\u001b[29m","Subject":"\u001b[34m[Fiction]\u001b[39m\u001b[9m[Donkeys -- Juvenile fiction]\u001b[29m","Title":"Les \u001b[34mmémoires\u001b[39m\u001b[9mMémoires\u001b[29m d\u001b[34m’\u001b[39m\u001b[34m\ufffd\ufffdun\u001b[39m\u001b[9m'\u001b[29m\u001b[9mun\u001b[29m âne\u001b[9m.\u001b[29m","Type":"book/epub","UpdatedAt":"\u001b[34mSat, 17 Jan 1976 05:42:05 +0100\u001b[39m\u001b[9m\u001b[29m"}]
