[1mName[22m          Beatrix Potter - Histoire de Pierre Lapin.epub                    
[1mTitle[22m         Histoire de Pierre Lapin                                          
[1mAuthors[22m       [Beatrix Potter]                                                  
[1mDescription[22m   Histoire de Pierre Lapin: "IL y avait une fois quatre petits      
              lapins qui s'appelaient - Flopsaut, Trotsaut, Oueue-de-Coton, et  
              Pierre. ..."                                                      
[1mISBN[22m          9783746091761                                                     
[1mLanguage[22m      fr                                                                
[1mPageCount[22m     11                                                                
[1mPublishedDate[22m 2018-03-20                                                        
[1mPublisher[22m     BoD ‚Äì Books on Demand                                             
[1mQALevel[22m       100                                                               
[1mSubject[22m       [Juvenile Fiction]                                                
[1mType[22m          book/epub                                                         
[1mCreatedAt[22m     Sat, 17 Jan 1976 05:42:05 +0100                                   
[1mUpdatedAt[22m     Sat, 17 Jan 1976 05:42:05 +0100                                   

[1mName[22m          Chengen Wu - Ë•øÈÅäË®ò.epub       
[1mTitle[22m         Ë•øÈÅäË®ò                         
[1mAuthors[22m       [Cheng'en Wu]                  
[1mDescription[22m   <no value>                     
[1mLanguage[22m      en                             
[1mPageCount[22m     1132                           
[1mPublishedDate[22m 1974-01-01                     
[1mQALevel[22m       70                             
[1mSubject[22m       [Chinese fiction]              
[1mType[22m          book/epub                      
[1mCreatedAt[22m     Sat, 17 Jan 1976 05:42:05 +0100
[1mUpdatedAt[22m     Sat, 17 Jan 1976 05:42:05 +0100

[1mName[22m          Gottfried B√ºrger - Aventures de Baron de Munchausen.epub          
[1mTitle[22m         Aventures de Baron de Munchausen                                  
[1mSubTitle[22m      Large Print                                                       
[1mAuthors[22m       [Gottfried B√ºrger Rudolf Raspe]                                   
[1mDescription[22m   Baron Munchausen is a fictional German nobleman created by the    
              German writer Rudolf Erich Raspe in his 1785 book Baron           
              Munchausen's Narrative of his Marvellous Travels and Campaigns in 
              Russia. The character is loosely based on a real baron, Hieronymus
              Karl Friedrich, Freiherr von MÔøΩnchhausenBorn in Bodenwerder,      
              Electorate of Brunswick-LÔøΩneburg, the real-life MÔøΩnchhausen fought
              for the Russian Empire in the Russo-Turkish War of 1735-1739. Upon
              retiring in 1760, he became a minor celebrity within German       
              aristocratic circles for telling outrageous tall tales based on   
              his military career. After hearing some of MÔøΩnchhausen's stories, 
              Raspe adapted them anonymously into literary form, first in German
              as ephemeral magazine pieces and then in English as the 1785 book,
              which was first published in Oxford by a bookseller named Smith.  
              The book was soon translated into other European languages,       
              including a German version expanded by the poet Gottfried August  
              BÔøΩrger. The real-life MÔøΩnchhausen was deeply upset at the         
              development of a fictional character bearing his name, and        
              threatened legal proceedings against the book's publisher. Perhaps
              fearing a libel suit, Raspe never acknowledged his authorship of  
              the work, which was only established posthumously.The fictional   
              Baron's exploits, narrated in the first person, focus on his      
              impossible achievements as a sportsman, soldier, and traveller,   
              for instance riding on a cannonball, fighting a forty-foot        
              crocodile, and travelling to the Moon. Intentionally comedic, the 
              stories play on the absurdity and inconsistency of Munchausen's   
              claims, and contain an undercurrent of social satire. The earliest
              illustrations of the character, perhaps created by Raspe himself, 
              depict Munchausen as slim and youthful, although later            
              illustrators have depicted him as an older man, and have added the
              sharply beaked nose and twirled moustache that have become part of
              the character's definitive visual representation. Raspe's book was
              a major international success, becoming the core text for numerous
              English, continental European, and American editions that were    
              expanded and rewritten by other writers. The book in its various  
              revised forms remained widely read throughout the 19th century,   
              especially in editions for young readers.Versions of the fictional
              Baron have appeared on stage, screen, radio, and television, as   
              well as in other literary works. Though the Baron Munchausen      
              stories are no longer well-known in many English-speaking         
              countries, they are still popular in continental Europe. The      
              character has inspired numerous memorials and museums, and several
              medical conditions and other concepts are named after him,        
              including Munchausen syndrome, the MÔøΩnchhausen trilemma, and      
              Munchausen numbers.We are delighted to publish this classic book  
              as part of our extensive Classic Library collection. Many of the  
              books in our collection have been out of print for decades, and   
              therefore have not been accessible to the general public. The aim 
              of our publishing program is to facilitate rapid access to this   
              vast reservoir of literature, and our view is that this is a      
              significant literary work, which deserves to be brought back into 
              print after many decades. The contents of the vast majority of    
              titles in the Classic Library have been scanned from the original 
              works. To ensure a high quality product, each title has been      
              meticulously hand curated by our staff. Our philosophy has been   
              guided by a desire to provide the reader with a book that is as   
              close as possible to ownership of the original work. We hope that 
              you will enjoy this wonderful classic work, and that for you it   
              becomes an enriching experience.                                  
[1mISBN[22m          9781985097124                                                     
[1mLanguage[22m      en                                                                
[1mPageCount[22m     252                                                               
[1mPublishedDate[22m 2018-02-08                                                        
[1mPublisher[22m     Createspace Independent Publishing Platform                       
[1mQALevel[22m       100                                                               
[1mSubject[22m       [Humorous stories Voyages and travels -- Fiction Voyages,         
              Imaginary -- Fiction Tall tales]                                  
[1mType[22m          book/epub                                                         
[1mCreatedAt[22m     Sat, 17 Jan 1976 05:42:05 +0100                                   
[1mUpdatedAt[22m     Sat, 17 Jan 1976 05:42:05 +0100                                   

[1mName[22m          Jules Verne - Fiche de lecture Voyage au centre de la Terre r√©sum√©
              d√©taill√© et analyse litt√©raire de r√©f√©rence.epub                  
[1mTitle[22m         Fiche de lecture Voyage au centre de la Terre (r√©sum√© d√©taill√© et 
              analyse litt√©raire de r√©f√©rence)                                  
[1mAuthors[22m       [Jules Verne]                                                     
[1mDescription[22m   La collection ¬´ Conna√Ætre une ≈ìuvre ¬ª vous offre la possibilit√© de
              tout savoir du Voyage au centre de la Terre de Jules Verne gr√¢ce √†
              une fiche de lecture aussi compl√®te que d√©taill√©e. La r√©daction,  
              claire et accessible, a √©t√© confi√©e √† un sp√©cialiste              
              universitaire. Notre travail √©ditorial vous offre un grand confort
              de lecture, sp√©cialement d√©velopp√© pour la lecture num√©rique.     
              Cette fiche de lecture r√©pond √† une charte qualit√© mise en place  
              par une √©quipe d‚Äôenseignants. Ce livre num√©rique contient : - Un  
              sommaire dynamique - La biographie de Jules Verne - La            
              pr√©sentation de l‚Äô≈ìuvre - Le r√©sum√© d√©taill√© (chapitre par        
              chapitre) - Les raisons du succ√®s - Les th√®mes principaux -       
              L'√©tude du mouvement litt√©raire de l‚Äôauteur                       
[1mLanguage[22m      fr                                                                
[1mPublishedDate[22m 2019-05-28                                                        
[1mPublisher[22m     Les √âditions de l'Ebook malin                                     
[1mQALevel[22m       100                                                               
[1mSubject[22m       [Study Aids]                                                      
[1mType[22m          book/epub                                                         
[1mCreatedAt[22m     Sat, 17 Jan 1976 05:42:05 +0100                                   
[1mUpdatedAt[22m     Sat, 17 Jan 1976 05:42:05 +0100                                   

[1mName[22m          Jules Verne - Vingt mille lieues sous les mers.epub
[1mTitle[22m         Vingt mille lieues sous les mers                   
[1mAuthors[22m       [Jules Verne]                                      
[1mDescription[22m   <no value>                                         
[1mLanguage[22m      fr                                                 
[1mPageCount[22m     434                                                
[1mPublishedDate[22m 1870-01-01                                         
[1mQALevel[22m       70                                                 
[1mType[22m          book/epub                                          
[1mCreatedAt[22m     Sat, 17 Jan 1976 05:42:05 +0100                    
[1mUpdatedAt[22m     Sat, 17 Jan 1976 05:42:05 +0100                    

[1mName[22m          Lewis Carroll - Alices Adventures in Wonderland  Through the      
              Looking-glass.epub                                                
[1mTitle[22m         Alice's Adventures in Wonderland & Through the Looking-glass      
[1mAuthors[22m       [Lewis Carroll]                                                   
[1mDescription[22m   This edition contains Alice's Adventures in Wonderland and its    
              sequel Through the Looking Glass. It is illustrated throughout by 
              Sir John Tenniel, whose drawings for the books add so much to the 
              enjoyment of them. Tweedledum and Tweedledee, the Mad Hatter, the 
              Cheshire Cat, the Red Queen and the White Rabbit all make their   
              appearances, and are now familiar figures in writing, conversation
              and idiom. So too, are Carroll's delightful verses such as 'The   
              Walrus and the Carpenter' and the inspired jargon of that masterly
              Wordsworthian parody, 'The Jabberwocky'.                          
[1mISBN[22m          9781853261183                                                     
[1mLanguage[22m      en                                                                
[1mPageCount[22m     272                                                               
[1mPublishedDate[22m 1993-01-01                                                        
[1mPublisher[22m     Wordsworth Editions                                               
[1mQALevel[22m       100                                                               
[1mSubject[22m       [Fiction]                                                         
[1mType[22m          book/epub                                                         
[1mCreatedAt[22m     Sat, 17 Jan 1976 05:42:05 +0100                                   
[1mUpdatedAt[22m     Sat, 17 Jan 1976 05:42:05 +0100                                   

[1mName[22m          Sophie Rostopchine comtesse de S√©gur pr√©sent√© par Didier Hall√©p√©e 
              - Les m√©moires dun √¢ne.epub                                       
[1mTitle[22m         Les m√©moires d‚Äôun √¢ne                                             
[1mAuthors[22m       [Sophie Rostopchine, comtesse de S√©gur, pr√©sent√© par Didier       
              Hall√©p√©e]                                                         
[1mDescription[22m   Sophie Rostopchine (Sofia Fiodorovna Rostoptchina) est, comme son 
              nom l'indique, issue de l'aristocratie russe. Elle est n√©e le 1er 
              ao√ªt 1799 √† Saint-P√©tersbourg et a pass√© son enfance dans le      
              domaine familial Voronovo, pr√®s de Moscou (45 000 hectares, 4 000 
              serfs)En 1812, Napol√©on vient apporter au peuple russe les        
              bienfaits de la r√©volution fran√ßaise √† la t√™te de sa Grande Arm√©e.
              Le g√©n√©ral Fiodor Vassilievitch Rostopchine, p√®re de Sophie, est  
              alors gouverneur de Moscou. Il fait incendier Moscou, ce qui      
              provoquera la retraite de Napol√©on et la disgr√¢ce de Fiodor.      
              R√©duit √† l'exil, Fiodor finit par s'installer √† Paris o√π il fait  
              venir sa famille. C'est l√† que Sophie √©pouse le 14 juillet 1819 le
              comte Eug√®ne de S√©gur, petit-fils du mar√©chal de S√©gur.Ce mariage 
              commen√ßa comme un mariage d'amour mais finit par s'av√©rer         
              d√©sastreux. Sophie se consolera en s'occupant de ses huit enfants 
              puis de ses nombreux petits enfants. Plus tard, elle coucha par   
              √©crit les nombreuses histoires qu'elle avait invent√©es pour ses   
              petits enfants.L'oeuvre de la comtesse de S√©gur √† berc√© notre     
              enfance. Qui de nous n'a pas plaint la pauvre Sophie et eu envie  
              de lui dire qu'elle serait moins malheureuse si elle √©tait plus   
              sage. Ces romans font √©cho √† l'enfance dor√©e de l'aristocratie    
              dans un monde o√π d√©j√† le temps de l'aristocratie prend fin. Mais  
              cette enfance dor√©e se combine aussi √† l'enfance malheureuse, mal 
              aim√©e et maltrait√©e. Heureusement, le temps, la chance et l'amour 
              sont l√† pour panser les plaies et apporter le bonheur √† ceux qui  
              ont su le m√©riter. Ces romans, c'est aussi la peinture d'une      
              √©poque encore proche de la n√¥tre et d√©j√† disparue, une √©poque o√π  
              la r√©volution industrielle vient de commencer et o√π la technologie
              moderne n'a pas encore boulevers√© la soci√©t√© en profondeur.Didier 
              HALL√âP√âE, grand lecteur aux mille passions a s√©lectionn√© cette    
              oeuvre pour vous.                                                 
[1mISBN[22m          9781508969150                                                     
[1mLanguage[22m      fr                                                                
[1mPageCount[22m     216                                                               
[1mPublishedDate[22m 2015-03-20                                                        
[1mPublisher[22m     les √©crivains de Fondcombe                                        
[1mQALevel[22m       100                                                               
[1mSubject[22m       [Fiction]                                                         
[1mType[22m          book/epub                                                         
[1mCreatedAt[22m     Sat, 17 Jan 1976 05:42:05 +0100                                   
[1mUpdatedAt[22m     Sat, 17 Jan 1976 05:42:05 +0100                                   
