[1mName[22m          [34mArthur Conan Doyle - The Adventures of Sherlock Holmes.epub[39m[9m[29m       
[1mTitle[22m         The Adventures of Sherlock Holmes                                 
[1mAuthors[22m       [Arthur Conan Doyle]                                              
[1mDescription[22m   [34mA collection of Sherlock Holmes mystery adventures.[39m[9m[29m               
[1mISBN[22m          [34m9781853260339[39m[9m[29m                                                     
[1mLanguage[22m      [34men[39m[9m[29m                                                                
[1mPageCount[22m     [34m446[39m[9m[29m                                                               
[1mPublishedDate[22m 199[34m2[39m[9m9[29m-0[34m1[39m[9m3[29m-01                                                      
[1mPublisher[22m     [34mWordsworth Editions[39m[9m[29m                                               
[1mSubject[22m       [34m[Fiction][39m[9m[Holmes, Sherlock (Fictitious character) -- Fiction [0m     
              [9mPrivate investigators -- England -- Fiction Detective and mystery [0m
              [9mstories, English][29m                                                 
[1mType[22m          book/epub                                                         
[1mCreatedAt[22m     [34mSat, 17 Jan 1976 05:42:05 +0100[39m[9m[29m                                   
[1mUpdatedAt[22m     [34mSat, 17 Jan 1976 05:42:05 +0100[39m[9m[29m                                   
[1mName[22m          [34mBeatrix Potter - Histoire de Pierre Lapin.epub[39m[9m[29m                    
[1mTitle[22m         Histoire de Pierre Lapin                                          
[1mAuthors[22m       [Beatrix Potter]                                                  
[1mDescription[22m   [34mHistoire de Pierre Lapin: "IL y avait une fois quatre petits [0m     
              [34mlapins qui s'appelaient - Flopsaut, Trotsaut, Oueue-de-Coton, et [0m 
              [34mPierre. ..."[39m[9m[29m                                                      
[1mISBN[22m          [34m9783746091761[39m[9m[29m                                                     
[1mLanguage[22m      [34mfr[39m[9m[29m                                                                
[1mPageCount[22m     [34m11[39m[9m[29m                                                                
[1mPublishedDate[22m [34m2018-03-20[39m[9m2009-06-06[29m                                              
[1mPublisher[22m     [34mBoD ‚Äì Books on Demand[39m[9m[29m                                             
[1mSubject[22m       [[9mRabbits[29m[9m [29m[9m-[29m[9m-[29m[9m [29mJuvenile [34mFiction[39m[9mfiction[29m]                              
[1mType[22m          book/epub                                                         
[1mCreatedAt[22m     [34mSat, 17 Jan 1976 05:42:05 +0100[39m[9m[29m                                   
[1mUpdatedAt[22m     [34mSat, 17 Jan 1976 05:42:05 +0100[39m[9m[29m                                   
[1mName[22m          [34mChengen Wu - Ë•øÈÅäË®ò.epub[39m[9m[29m                                          
[1mTitle[22m         Ë•øÈÅäË®ò                                                            
[1mAuthors[22m       [Cheng'en Wu]                                                     
[1mDescription[22m   <no value>                                                        
[1mLanguage[22m      [34men[39m[9m[29m                                                                
[1mPageCount[22m     [34m1132[39m[9m[29m                                                              
[1mPublishedDate[22m [34m1974-01-01[39m[9m2007-12-22[29m                                              
[1mSubject[22m       [34m[Chinese fiction][39m[9m[Folklore -- China Legends -- China Xuanzang, [0m   
              [9mapproximately 596-664 -- Fiction Chinese fiction -- Ming dynasty, [0m
              [9m1368-1644][29m                                                        
[1mType[22m          book/epub                                                         
[1mCreatedAt[22m     [34mSat, 17 Jan 1976 05:42:05 +0100[39m[9m[29m                                   
[1mUpdatedAt[22m     [34mSat, 17 Jan 1976 05:42:05 +0100[39m[9m[29m                                   
[1mName[22m          [34mGottfried B√ºrger - Aventures de Baron de Munchausen.epub[39m[9m[29m          
[1mTitle[22m         Aventures de Baron de [34mMunchausen[39m[9mM√ºnchausen[29m                        
[1mSubTitle[22m      [34mLarge Print[39m[9m[29m                                                       
[1mAuthors[22m       [Gottfried [9mAugust[29m[9m [29mB√ºrger Rudolf[9m [29m[9mErich[29m Raspe]                      
[1mDescription[22m   [34mBaron Munchausen is a fictional German nobleman created by the [0m   
              [34mGerman writer Rudolf Erich Raspe in his 1785 book Baron [0m          
              [34mMunchausen's Narrative of his Marvellous Travels and Campaigns in [0m
              [34mRussia. The character is loosely based on a real baron, Hieronymus[0m
              [34mKarl Friedrich, Freiherr von MÔøΩnchhausenBorn in Bodenwerder, [0m     
              [34mElectorate of Brunswick-LÔøΩneburg, the real-life MÔøΩnchhausen fought[0m
              [34mfor the Russian Empire in the Russo-Turkish War of 1735-1739. Upon[0m
              [34mretiring in 1760, he became a minor celebrity within German [0m      
              [34maristocratic circles for telling outrageous tall tales based on [0m  
              [34mhis military career. After hearing some of MÔøΩnchhausen's stories, [0m
              [34mRaspe adapted them anonymously into literary form, first in German[0m
              [34mas ephemeral magazine pieces and then in English as the 1785 book,[0m
              [34mwhich was first published in Oxford by a bookseller named Smith. [0m 
              [34mThe book was soon translated into other European languages, [0m      
              [34mincluding a German version expanded by the poet Gottfried August [0m 
              [34mBÔøΩrger. The real-life MÔøΩnchhausen was deeply upset at the [0m        
              [34mdevelopment of a fictional character bearing his name, and [0m       
              [34mthreatened legal proceedings against the book's publisher. Perhaps[0m
              [34mfearing a libel suit, Raspe never acknowledged his authorship of [0m 
              [34mthe work, which was only established posthumously.The fictional [0m  
              [34mBaron's exploits, narrated in the first person, focus on his [0m     
              [34mimpossible achievements as a sportsman, soldier, and traveller, [0m  
              [34mfor instance riding on a cannonball, fighting a forty-foot [0m       
              [34mcrocodile, and travelling to the Moon. Intentionally comedic, the [0m
              [34mstories play on the absurdity and inconsistency of Munchausen's [0m  
              [34mclaims, and contain an undercurrent of social satire. The earliest[0m
              [34millustrations of the character, perhaps created by Raspe himself, [0m
              [34mdepict Munchausen as slim and youthful, although later [0m           
              [34millustrators have depicted him as an older man, and have added the[0m
              [34msharply beaked nose and twirled moustache that have become part of[0m
              [34mthe character's definitive visual representation. Raspe's book was[0m
              [34ma major international success, becoming the core text for numerous[0m
              [34mEnglish, continental European, and American editions that were [0m   
              [34mexpanded and rewritten by other writers. The book in its various [0m 
              [34mrevised forms remained widely read throughout the 19th century, [0m  
              [34mespecially in editions for young readers.Versions of the fictional[0m
              [34mBaron have appeared on stage, screen, radio, and television, as [0m  
              [34mwell as in other literary works. Though the Baron Munchausen [0m     
              [34mstories are no longer well-known in many English-speaking [0m        
              [34mcountries, they are still popular in continental Europe. The [0m     
              [34mcharacter has inspired numerous memorials and museums, and several[0m
              [34mmedical conditions and other concepts are named after him, [0m       
              [34mincluding Munchausen syndrome, the MÔøΩnchhausen trilemma, and [0m     
              [34mMunchausen numbers.We are delighted to publish this classic book [0m 
              [34mas part of our extensive Classic Library collection. Many of the [0m 
              [34mbooks in our collection have been out of print for decades, and [0m  
              [34mtherefore have not been accessible to the general public. The aim [0m
              [34mof our publishing program is to facilitate rapid access to this [0m  
              [34mvast reservoir of literature, and our view is that this is a [0m     
              [34msignificant literary work, which deserves to be brought back into [0m
              [34mprint after many decades. The contents of the vast majority of [0m   
              [34mtitles in the Classic Library have been scanned from the original [0m
              [34mworks. To ensure a high quality product, each title has been [0m     
              [34mmeticulously hand curated by our staff. Our philosophy has been [0m  
              [34mguided by a desire to provide the reader with a book that is as [0m  
              [34mclose as possible to ownership of the original work. We hope that [0m
              [34myou will enjoy this wonderful classic work, and that for you it [0m  
              [34mbecomes an enriching experience.[39m[9m[29m                                  
[1mISBN[22m          [34m9781985097124[39m[9m[29m                                                     
[1mLanguage[22m      [34men[39m[9m[29m                                                                
[1mPageCount[22m     [34m252[39m[9m[29m                                                               
[1mPublishedDate[22m [34m2018-02-08[39m[9m2015-11-06[29m                                              
[1mPublisher[22m     [34mCreatespace Independent Publishing Platform[39m[9m[29m                       
[1mSubject[22m       [34m[39m[9m[Humorous stories Voyages and travels -- Fiction Voyages, [0m        
              [9mImaginary -- Fiction Tall tales][29m                                  
[1mType[22m          book/epub                                                         
[1mCreatedAt[22m     [34mSat, 17 Jan 1976 05:42:05 +0100[39m[9m[29m                                   
[1mUpdatedAt[22m     [34mSat, 17 Jan 1976 05:42:05 +0100[39m[9m[29m                                   
[1mName[22m          [34mJules Verne - Fiche de lecture Voyage au centre de la Terre r√©sum√©[0m
              [34md√©taill√© et analyse litt√©raire de r√©f√©rence.epub[39m[9m[29m                  
[1mTitle[22m         [34mFiche de lecture Voyage au centre de la Terre (r√©sum√© d√©taill√© et [0m
              [34manalyse litt√©raire de r√©f√©rence)[39m[9mVoyage au Centre de la Terre[29m      
[1mAuthors[22m       [Jules Verne]                                                     
[1mDescription[22m   [34mLa collection ¬´ Conna√Ætre une ≈ìuvre ¬ª vous offre la possibilit√© de[0m
              [34mtout savoir du Voyage au centre de la Terre de Jules Verne gr√¢ce √†[0m
              [34mune fiche de lecture aussi compl√®te que d√©taill√©e. La r√©daction, [0m 
              [34mclaire et accessible, a √©t√© confi√©e √† un sp√©cialiste [0m             
              [34muniversitaire. Notre travail √©ditorial vous offre un grand confort[0m
              [34mde lecture, sp√©cialement d√©velopp√© pour la lecture num√©rique. [0m    
              [34mCette fiche de lecture r√©pond √† une charte qualit√© mise en place [0m 
              [34mpar une √©quipe d‚Äôenseignants. Ce livre num√©rique contient : - Un [0m 
              [34msommaire dynamique - La biographie de Jules Verne - La [0m           
              [34mpr√©sentation de l‚Äô≈ìuvre - Le r√©sum√© d√©taill√© (chapitre par [0m       
              [34mchapitre) - Les raisons du succ√®s - Les th√®mes principaux - [0m      
              [34mL'√©tude du mouvement litt√©raire de l‚Äôauteur[39m[9m[29m                       
[1mLanguage[22m      [34mfr[39m[9m[29m                                                                
[1mPublishedDate[22m [34m2019-05-28[39m[9m2003-12-01[29m                                              
[1mPublisher[22m     [34mLes √âditions de l'Ebook malin[39m[9m[29m                                     
[1mSubject[22m       [34m[Study Aids][39m[9m[Science fiction Adventure stories Earth (Planet) -- [0m 
              [9mCore -- Fiction Voyages, Imaginary -- Fiction][29m                    
[1mType[22m          book/epub                                                         
[1mCreatedAt[22m     [34mSat, 17 Jan 1976 05:42:05 +0100[39m[9m[29m                                   
[1mUpdatedAt[22m     [34mSat, 17 Jan 1976 05:42:05 +0100[39m[9m[29m                                   
[1mName[22m          [34mJules Verne - Vingt mille lieues sous les mers.epub[39m[9m[29m
[1mTitle[22m         Vingt mille lieues sous les mers                   
[1mAuthors[22m       [Jules Verne]                                      
[1mDescription[22m   <no value>                                         
[1mLanguage[22m      [34mfr[39m[9m[29m                                                 
[1mPageCount[22m     [34m434[39m[9m[29m                                                
[1mPublishedDate[22m [9m2[29m[9m0[29m1[34m8[39m7[34m0[39m-0[34m1[39m[9m6[29m-0[34m1[39m[9m9[29m                                     
[1mType[22m          book/epub                                          
[1mCreatedAt[22m     [34mSat, 17 Jan 1976 05:42:05 +0100[39m[9m[29m                    
[1mUpdatedAt[22m     [34mSat, 17 Jan 1976 05:42:05 +0100[39m[9m[29m                    
[1mName[22m          [34mLewis Carroll - Alices Adventures in Wonderland  Through the [0m     
              [34mLooking-glass.epub[39m[9m[29m                                                
[1mTitle[22m         Alice's Adventures in Wonderland[34m [39m[34m&[39m[34m [39m[34mThrough[39m[34m [39m[34mthe[39m[34m [39m[34mLooking[39m[34m-[39m[34mglass[39m      
[1mAuthors[22m       [Lewis Carroll]                                                   
[1mDescription[22m   [34mThis edition contains Alice's Adventures in Wonderland and its [0m   
              [34msequel Through the Looking Glass. It is illustrated throughout by [0m
              [34mSir John Tenniel, whose drawings for the books add so much to the [0m
              [34menjoyment of them. Tweedledum and Tweedledee, the Mad Hatter, the [0m
              [34mCheshire Cat, the Red Queen and the White Rabbit all make their [0m  
              [34mappearances, and are now familiar figures in writing, conversation[0m
              [34mand idiom. So too, are Carroll's delightful verses such as 'The [0m  
              [34mWalrus and the Carpenter' and the inspired jargon of that masterly[0m
              [34mWordsworthian parody, 'The Jabberwocky'.[39m[9m[29m                          
[1mISBN[22m          [34m9781853261183[39m[9m[29m                                                     
[1mLanguage[22m      [34men[39m[9m[29m                                                                
[1mPageCount[22m     [34m272[39m[9m[29m                                                               
[1mPublishedDate[22m [34m1993-01-01[39m[9m2008-06-27[29m                                              
[1mPublisher[22m     [34mWordsworth Editions[39m[9m[29m                                               
[1mSubject[22m       [34m[Fiction][39m[9m[Fantasy][29m                                                
[1mType[22m          book/epub                                                         
[1mCreatedAt[22m     [34mSat, 17 Jan 1976 05:42:05 +0100[39m[9m[29m                                   
[1mUpdatedAt[22m     [34mSat, 17 Jan 1976 05:42:05 +0100[39m[9m[29m                                   
[1mName[22m          [34mSophie Rostopchine comtesse de S√©gur pr√©sent√© par Didier Hall√©p√©e [0m
              [34m- Les m√©moires dun √¢ne.epub[39m[9m[29m                                       
[1mTitle[22m         Les [34mm√©moires[39m[9mM√©moires[29m d[34m‚Äô[39m[34mÔøΩÔøΩun[39m[9m'[29m[9mun[29m √¢ne[9m.[29m                               
[1mAuthors[22m       [34m[Sophie Rostopchine, comtesse de S√©gur, pr√©sent√© par Didier [0m      
              [34mHall√©p√©e][39m[9m[comtesse de Sophie S√©gur][29m                               
[1mDescription[22m   [34mSophie Rostopchine (Sofia Fiodorovna Rostoptchina) est, comme son [0m
              [34mnom l'indique, issue de l'aristocratie russe. Elle est n√©e le 1er [0m
              [34mao√ªt 1799 √† Saint-P√©tersbourg et a pass√© son enfance dans le [0m     
              [34mdomaine familial Voronovo, pr√®s de Moscou (45 000 hectares, 4 000 [0m
              [34mserfs)En 1812, Napol√©on vient apporter au peuple russe les [0m       
              [34mbienfaits de la r√©volution fran√ßaise √† la t√™te de sa Grande Arm√©e.[0m
              [34mLe g√©n√©ral Fiodor Vassilievitch Rostopchine, p√®re de Sophie, est [0m 
              [34malors gouverneur de Moscou. Il fait incendier Moscou, ce qui [0m     
              [34mprovoquera la retraite de Napol√©on et la disgr√¢ce de Fiodor. [0m     
              [34mR√©duit √† l'exil, Fiodor finit par s'installer √† Paris o√π il fait [0m 
              [34mvenir sa famille. C'est l√† que Sophie √©pouse le 14 juillet 1819 le[0m
              [34mcomte Eug√®ne de S√©gur, petit-fils du mar√©chal de S√©gur.Ce mariage [0m
              [34mcommen√ßa comme un mariage d'amour mais finit par s'av√©rer [0m        
              [34md√©sastreux. Sophie se consolera en s'occupant de ses huit enfants [0m
              [34mpuis de ses nombreux petits enfants. Plus tard, elle coucha par [0m  
              [34m√©crit les nombreuses histoires qu'elle avait invent√©es pour ses [0m  
              [34mpetits enfants.L'oeuvre de la comtesse de S√©gur √† berc√© notre [0m    
              [34menfance. Qui de nous n'a pas plaint la pauvre Sophie et eu envie [0m 
              [34mde lui dire qu'elle serait moins malheureuse si elle √©tait plus [0m  
              [34msage. Ces romans font √©cho √† l'enfance dor√©e de l'aristocratie [0m   
              [34mdans un monde o√π d√©j√† le temps de l'aristocratie prend fin. Mais [0m 
              [34mcette enfance dor√©e se combine aussi √† l'enfance malheureuse, mal [0m
              [34maim√©e et maltrait√©e. Heureusement, le temps, la chance et l'amour [0m
              [34msont l√† pour panser les plaies et apporter le bonheur √† ceux qui [0m 
              [34mont su le m√©riter. Ces romans, c'est aussi la peinture d'une [0m     
              [34m√©poque encore proche de la n√¥tre et d√©j√† disparue, une √©poque o√π [0m 
              [34mla r√©volution industrielle vient de commencer et o√π la technologie[0m
              [34mmoderne n'a pas encore boulevers√© la soci√©t√© en profondeur.Didier [0m
              [34mHALL√âP√âE, grand lecteur aux mille passions a s√©lectionn√© cette [0m   
              [34moeuvre pour vous.[39m[9m[29m                                                 
[1mISBN[22m          [34m9781508969150[39m[9m[29m                                                     
[1mLanguage[22m      [34mfr[39m[9m[29m                                                                
[1mPageCount[22m     [34m216[39m[9m[29m                                                               
[1mPublishedDate[22m [34m2015-03-20[39m[9m2004-06-29[29m                                              
[1mPublisher[22m     [34mles √©crivains de Fondcombe[39m[9m[29m                                        
[1mSubject[22m       [34m[Fiction][39m[9m[Donkeys -- Juvenile fiction][29m                            
[1mType[22m          book/epub                                                         
[1mCreatedAt[22m     [34mSat, 17 Jan 1976 05:42:05 +0100[39m[9m[29m                                   
[1mUpdatedAt[22m     [34mSat, 17 Jan 1976 05:42:05 +0100[39m[9m[29m                                   
