[1mName[22m                   [1mTitle[22m                  [1mSubTitle[22m    [1mAuthors[22m               
Beatrix Potter -       Histoire de Pierre     <no value>  [Beatrix Potter]      
Histoire de Pierre     Lapin                                                    
Lapin.epub                                                                      
Chengen Wu -           Ë•øÈÅäË®ò                 <no value>  [Cheng'en Wu]         
Ë•øÈÅäË®ò.epub                                                                     
Gottfried B√ºrger -     Aventures de Baron de  Large Print [Gottfried B√ºrger     
Aventures de Baron de  Munchausen                         Rudolf Raspe]         
Munchausen.epub                                                                 
Jules Verne - Fiche de Fiche de lecture       <no value>  [Jules Verne]         
lecture Voyage au      Voyage au centre de la                                   
centre de la Terre     Terre (r√©sum√© d√©taill√©                                   
r√©sum√© d√©taill√© et     et analyse litt√©raire                                    
analyse litt√©raire de  de r√©f√©rence)                                            
r√©f√©rence.epub                                                                  
Jules Verne - Vingt    Vingt mille lieues     <no value>  [Jules Verne]         
mille lieues sous les  sous les mers                                            
mers.epub                                                                       
Lewis Carroll - Alices Alice's Adventures in  <no value>  [Lewis Carroll]       
Adventures in          Wonderland & Through                                     
Wonderland  Through    the Looking-glass                                        
the Looking-glass.epub                                                          
Sophie Rostopchine     Les m√©moires d‚Äôun √¢ne  <no value>  [Sophie Rostopchine,  
comtesse de S√©gur                                         comtesse de S√©gur,    
pr√©sent√© par Didier                                       pr√©sent√© par Didier   
Hall√©p√©e - Les                                            Hall√©p√©e]             
m√©moires dun √¢ne.epub                                                           
