[1mName[22m                       [1mTitle[22m                      [1mAuthors[22m                   
Lewis Carroll - Alices     Alice's Adventures in      [Lewis Carroll]           
Adventures in Wonderland   Wonderland & Through the                             
Through the                Looking-glass                                        
Looking-glass.epub                                                              
Sophie Rostopchine         Les m√©moires d‚Äôun √¢ne      [Sophie Rostopchine,      
comtesse de S√©gur pr√©sent√©                            comtesse de S√©gur,        
par Didier Hall√©p√©e - Les                             pr√©sent√© par Didier       
m√©moires dun √¢ne.epub                                 Hall√©p√©e]                 
Arthur Conan Doyle - The   The Adventures of Sherlock [Arthur Conan Doyle]      
Adventures of Sherlock     Holmes                                               
Holmes.epub                                                                     
Chengen Wu - Ë•øÈÅäË®ò.epub   Ë•øÈÅäË®ò                     [Cheng'en Wu]             
Beatrix Potter - Histoire  Histoire de Pierre Lapin   [Beatrix Potter]          
de Pierre Lapin.epub                                                            
Jules Verne - Voyage au    Voyage au centre de la     [Jules Verne]             
centre de la terre.epub    terre                                                
Gottfried August B√ºrger -  Aventures de Baron de      [Gottfried August B√ºrger  
Aventures de Baron de      M√ºnchausen                 Rudolf Erich Raspe]       
M√ºnchausen.epub                                                                 
Jules Verne - Vingt mille  Vingt mille lieues sous    [Jules Verne]             
lieues sous les mers.epub  les mers                                             
