[1mName[22m                          [1mTitle[22m                         [1mAuthors[22m             
Arthur Conan Doyle - The      The Adventures of Sherlock    [Arthur Conan Doyle]
Adventures of Sherlock        Holmes                                            
Holmes.epub                                                                     
[1mName[22m                                   [1mTitle[22m                    [1mAuthors[22m         
Beatrix Potter - Histoire de Pierre    Histoire de Pierre Lapin [Beatrix Potter]
Lapin.epub                                                                      
[1mName[22m                     [1mTitle[22m  [1mAuthors[22m      
Chengen Wu - Ë•øÈÅäË®ò.epub Ë•øÈÅäË®ò [Cheng'en Wu]
[1mName[22m                   [1mTitle[22m                  [1mSubTitle[22m    [1mAuthors[22m               
Gottfried B√ºrger -     Aventures de Baron de  Large Print [Gottfried B√ºrger     
Aventures de Baron de  Munchausen                         Rudolf Raspe]         
Munchausen.epub                                                                 
[1mName[22m                             [1mTitle[22m                            [1mAuthors[22m      
Jules Verne - Fiche de lecture   Fiche de lecture Voyage au       [Jules Verne]
Voyage au centre de la Terre     centre de la Terre (r√©sum√©                    
r√©sum√© d√©taill√© et analyse       d√©taill√© et analyse litt√©raire                
litt√©raire de r√©f√©rence.epub     de r√©f√©rence)                                 
[1mName[22m                              [1mTitle[22m                            [1mAuthors[22m      
Jules Verne - Vingt mille lieues  Vingt mille lieues sous les mers [Jules Verne]
sous les mers.epub                                                              
[1mName[22m                            [1mTitle[22m                           [1mAuthors[22m        
Lewis Carroll - Alices          Alice's Adventures in           [Lewis Carroll]
Adventures in Wonderland        Wonderland & Through the                       
Through the Looking-glass.epub  Looking-glass                                  
[1mName[22m                         [1mTitle[22m                 [1mAuthors[22m                     
Sophie Rostopchine comtesse  Les m√©moires d‚Äôun √¢ne [Sophie Rostopchine,        
de S√©gur pr√©sent√© par Didier                       comtesse de S√©gur, pr√©sent√© 
Hall√©p√©e - Les m√©moires dun                        par Didier Hall√©p√©e]        
√¢ne.epub                                                                       
