[1mName[22m           [1mTitle[22m          [1mSubTitle[22m   [1mSerie[22m      [1mSeriePosition[22m [1mAuthors[22m       
[34mArthur Conan [0m  The Adventures <no value> <no value> <no value>    [Arthur Conan 
[34mDoyle - The [0m   of Sherlock                                        Doyle]        
[34mAdventures of [0m Holmes                                                           
[34mSherlock [0m                                                                       
[34mHolmes.epub[39m[9m[29m                                                                     [1mName[22m           [1mTitle[22m          [1mSubTitle[22m   [1mSerie[22m      [1mSeriePosition[22m [1mAuthors[22m       
[34mBeatrix Potter[0m Histoire de    <no value> <no value> <no value>    [Beatrix      
[34m- Histoire de [0m Pierre Lapin                                       Potter]       
[34mPierre [0m                                                                         
[34mLapin.epub[39m[9m[29m                                                                      [1mName[22m                    [1mTitle[22m  [1mSubTitle[22m   [1mSerie[22m      [1mSeriePosition[22m [1mAuthors[22m      
[34mChengen Wu - [0m           Ë•øÈÅäË®ò <no value> <no value> <no value>    [Cheng'en Wu]
[34mË•øÈÅäË®ò.epub[39m[9m[29m                                                                     [1mName[22m          [1mTitle[22m         [1mSubTitle[22m    [1mSerie[22m      [1mSeriePosition[22m [1mAuthors[22m      
[34mGottfried [0m    Aventures de  [34mLarge Print[39m[9m[29m <no value> <no value>    [Gottfried   
[34mB√ºrger - [0m     Baron de                                           [9mAugust[29m[9m [29mB√ºrger
[34mAventures de [0m [34mMunchausen[39m[9mM√ºn[0m                                      Rudolf[9m [29m[9mErich[29m 
[34mBaron de [0m     [9mchausen[29m                                            Raspe]       
[34mMunchausen.ep[0m                                                                 
[34mub[39m[9m[29m                                                                            [1mName[22m           [1mTitle[22m          [1mSubTitle[22m   [1mSerie[22m      [1mSeriePosition[22m [1mAuthors[22m      
[34mJules Verne - [0m [34mFiche de [0m      <no value> <no value> <no value>    [Jules Verne]
[34mFiche de [0m      [34mlecture Voyage[0m                                                  
[34mlecture Voyage[0m [34mau centre de [0m                                                   
[34mau centre de [0m  [34mla Terre [0m                                                       
[34mla Terre [0m      [34m(r√©sum√© [0m                                                        
[34mr√©sum√© [0m        [34md√©taill√© et [0m                                                    
[34md√©taill√© et [0m   [34manalyse [0m                                                        
[34manalyse [0m       [34mlitt√©raire de [0m                                                  
[34mlitt√©raire de [0m [34mr√©f√©rence)[39m[9mVoya[0m                                                  
[34mr√©f√©rence.epub[39m[9m[29m [9mge au Centre [0m                                                   
               [9mde la Terre[29m                                                     [1mName[22m           [1mTitle[22m          [1mSubTitle[22m   [1mSerie[22m      [1mSeriePosition[22m [1mAuthors[22m      
[34mJules Verne - [0m Vingt mille    <no value> <no value> <no value>    [Jules Verne]
[34mVingt mille [0m   lieues sous                                                     
[34mlieues sous [0m   les mers                                                        
[34mles mers.epub[39m[9m[29m                                                                  [1mName[22m           [1mTitle[22m          [1mSubTitle[22m   [1mSerie[22m      [1mSeriePosition[22m [1mAuthors[22m       
[34mLewis Carroll [0m Alice's        <no value> <no value> <no value>    [Lewis        
[34m- Alices [0m      Adventures in                                      Carroll]      
[34mAdventures in [0m Wonderland[34m [39m[34m&[39m[34m [0m                                                    
[34mWonderland  [0m   [34m[39m[34mThrough[39m[34m [39m[34mthe[39m[34m [0m                                                     
[34mThrough the [0m   [34m[39m[34mLooking[39m[34m-[39m[34mglass[39m                                                    
[34mLooking-glass.[0m                                                                  
[34mepub[39m[9m[29m                                                                            [1mName[22m           [1mTitle[22m          [1mSubTitle[22m   [1mSerie[22m      [1mSeriePosition[22m [1mAuthors[22m       
[34mSophie [0m        Les            <no value> <no value> <no value>    [34m[Sophie [0m      
[34mRostopchine [0m   [34mm√©moires[39m[9mM√©moir[0m                                     [34mRostopchine, [0m 
[34mcomtesse de [0m   [9mes[29m d[34m‚Äô[39m[34mÔøΩÔøΩun[39m[9m'[29m[9mun[29m                                       [34mcomtesse de [0m  
[34mS√©gur pr√©sent√©[0m √¢ne[9m.[29m                                               [34mS√©gur, [0m       
[34mpar Didier [0m                                                       [34mpr√©sent√© par [0m 
[34mHall√©p√©e - Les[0m                                                    [34mDidier [0m       
[34mm√©moires dun [0m                                                     [34mHall√©p√©e][39m[9m[comt[0m
[34m√¢ne.epub[39m[9m[29m                                                          [9messe de Sophie[0m
                                                                  [9mS√©gur][29m        