[1mName[22m          [1mTitle[22m         [1mSubTitle[22m    [1mSerie[22m      [1mSeriePosition[22m [1mAuthors[22m      
Arthur Conan  The           <no value>  <no value> <no value>    [Arthur Conan
Doyle - The   Adventures of                                      Doyle]       
Adventures of Sherlock                                                        
Sherlock      Holmes                                                          
Holmes.epub                                                                   
Beatrix       Histoire de   <no value>  <no value> <no value>    [Beatrix     
Potter -      Pierre Lapin                                       Potter]      
Histoire de                                                                   
Pierre                                                                        
Lapin.epub                                                                    
Chengen Wu -  Ë•øÈÅäË®ò        <no value>  <no value> <no value>    [Cheng'en Wu]
Ë•øÈÅäË®ò.epub                                                                   
Gottfried     Aventures de  Large Print <no value> <no value>    [Gottfried   
B√ºrger -      Baron de                                           B√ºrger Rudolf
Aventures de  Munchausen                                         Raspe]       
Baron de                                                                      
Munchausen.ep                                                                 
ub                                                                            
Jules Verne - Fiche de      <no value>  <no value> <no value>    [Jules Verne]
Fiche de      lecture                                                         
lecture       Voyage au                                                       
Voyage au     centre de la                                                    
centre de la  Terre (r√©sum√©                                                   
Terre r√©sum√©  d√©taill√© et                                                     
d√©taill√© et   analyse                                                         
analyse       litt√©raire de                                                   
litt√©raire de r√©f√©rence)                                                      
r√©f√©rence.epu                                                                 
b                                                                             
Jules Verne - Vingt mille   <no value>  <no value> <no value>    [Jules Verne]
Vingt mille   lieues sous                                                     
lieues sous   les mers                                                        
les mers.epub                                                                 
Lewis Carroll Alice's       <no value>  <no value> <no value>    [Lewis       
- Alices      Adventures in                                      Carroll]     
Adventures in Wonderland &                                                    
Wonderland    Through the                                                     
Through the   Looking-glass                                                   
Looking-glass                                                                 
.epub                                                                         
Sophie        Les m√©moires  <no value>  <no value> <no value>    [Sophie      
Rostopchine   d‚Äôun √¢ne                                           Rostopchine, 
comtesse de                                                      comtesse de  
S√©gur                                                            S√©gur,       
pr√©sent√© par                                                     pr√©sent√© par 
Didier                                                           Didier       
Hall√©p√©e -                                                       Hall√©p√©e]    
Les m√©moires                                                                  
dun √¢ne.epub                                                                  