[34mpg11-images.epub[39m[9m[29m
[34mpg12783-images.epub[39m[9m[29m
[34mpg1661-images.epub[39m[9m[29m
[34mpg23962-images.epub[39m[9m[29m
[34mpg29052.epub[39m[9m[29m
[34mpg4791-images.epub[39m[9m[29m
[34mpg50398.epub[39m[9m[29m
[34mpg54873.epub[39m[9m[29m
