Beatrix Potter - Histoire de Pierre Lapin.epub
Chengen Wu - 西遊記.epub
Gottfried Bürger - Aventures de Baron de Munchausen.epub
Jules Verne - Fiche de lecture Voyage au centre de la Terre résumé détaillé et analyse littéraire de référence.epub
Jules Verne - Vingt mille lieues sous les mers.epub
Lewis Carroll - Alices Adventures in Wonderland  Through the Looking-glass.epub
Sophie Rostopchine comtesse de Ségur présenté par Didier Hallépée - Les mémoires dun âne.epub
