Lewis Carroll - Alices Adventures in Wonderland  Through the Looking-glass.epub
Sophie Rostopchine comtesse de Ségur présenté par Didier Hallépée - Les mémoires dun âne.epub
Arthur Conan Doyle - The Adventures of Sherlock Holmes.epub
Chengen Wu - 西遊記.epub
Beatrix Potter - Histoire de Pierre Lapin.epub
Jules Verne - Voyage au centre de la terre.epub
Gottfried August Bürger - Aventures de Baron de Münchausen.epub
Jules Verne - Vingt mille lieues sous les mers.epub
