[34mArthur Conan Doyle - The Adventures of Sherlock Holmes.epub[39m[9m[29m
[34mBeatrix Potter - Histoire de Pierre Lapin.epub[39m[9m[29m
[34mChengen Wu - Ë•øÈÅäË®ò.epub[39m[9m[29m
[34mGottfried B√ºrger - Aventures de Baron de Munchausen.epub[39m[9m[29m
[34mJules Verne - Fiche de lecture Voyage au centre de la Terre r√©sum√© d√©taill√© et analyse litt√©raire de r√©f√©rence.epub[39m[9m[29m
[34mJules Verne - Vingt mille lieues sous les mers.epub[39m[9m[29m
[34mLewis Carroll - Alices Adventures in Wonderland  Through the Looking-glass.epub[39m[9m[29m
[34mSophie Rostopchine comtesse de S√©gur pr√©sent√© par Didier Hall√©p√©e - Les m√©moires dun √¢ne.epub[39m[9m[29m
