Lewis Carroll - Alices Adventures in Wonderland  Through the Looking-glass.epub
Arthur Conan Doyle - The Adventures of Sherlock Holmes.epub
